<html>
<body>
<pre>
<h1>礦ision Build Log</h1>
<h2>Tool Versions:</h2>
IDE-Version: μVision V5.14.0.0
Copyright (C) 2015 ARM Ltd and ARM Germany GmbH. All rights reserved.
License Information: yang yang, qqqqq, LIC=QF82M-X6II9-WFRI7-EP5XW-88HH1-D3FPH
 
Tool Versions:
Toolchain:       MDK-ARM Standard  Version: 5.14.0.0
Toolchain Path:  E:\MDK5\ARM\ARMCC\Bin
C Compiler:      Armcc.exe V5.05 update 1 (build 106)
Assembler:       Armasm.exe V5.05 update 1 (build 106)
Linker/Locator:  ArmLink.exe V5.05 update 1 (build 106)
Library Manager: ArmAr.exe V5.05 update 1 (build 106)
Hex Converter:   FromElf.exe V5.05 update 1 (build 106)
CPU DLL:         SARMCM3.DLL V5.14.0.0
Dialog DLL:      DCM.DLL V1.13.1.0
Target DLL:      STLink\ST-LINKIII-KEIL_SWO.dll V2.0.14.0_KEIL
Dialog DLL:      TCM.DLL V1.14.4.0
 
<h2>Project:</h2>
H:\LearnHC32\learnHC32F460\例程(自己写的)\7-定时器Timer0\HC32F460Template\project\MDK\HC32F460Template.uvprojx
Project File Date:  06/01/2021

<h2>Output:</h2>
Build target 'HC32F460Template'
compiling main.c...
compiling timer0.c...
compiling mcu_cfg.c...
compiling led.c...
linking...
Program Size: Code=29804 RO-data=732 RW-data=16 ZI-data=1560  
FromELF: creating hex file...
".\output\HC32F460Template.axf" - 0 Error(s), 0 Warning(s).

<h2>Software Packages used:</h2>

Package Vendor: ARM
                http://www.keil.com/pack/ARM.CMSIS.5.5.1.pack
                ARM::CMSIS:CORE:5.2.0
                CMSIS (Cortex Microcontroller Software Interface Standard)
   * Component: CORE Version: 5.2.0

<h2>Collection of Component include folders:</h2>
  H:\LearnHC32\learnHC32F460\例程(自己写的)\7-定时器Timer0\HC32F460Template\project\MDK\RTE
  E:\MDK5\ARM\PACK\ARM\CMSIS\5.5.1\CMSIS\Core\Include
  E:\MDK5\ARM\PACK\HDSC\HC32F46x\1.0.2

<h2>Collection of Component Files used:</h2>

   * Component: ARM::CMSIS:CORE:5.2.0
</pre>
</body>
</html>
